// Jest Snapshot v1, https://goo.gl/fbAQLP

exports[`loading snapshot 1`] = `
Array [
  <div
    className="backdrop"
  />,
  <div
    className="loader-pos"
  >
    <svg
      className="sc-AxjAm fIYGdE"
    >
      <circle
        className="path"
        cx={48}
        cy={48}
        fill="none"
        r={43}
      />
    </svg>
  </div>,
  <style
    jsx={true}
  >
    
          .backdrop {
            position: absolute;
            display: inline;
            background: #ffffff;
            opacity: 0.6;
            width: 100%;
            height: 100%;
            top: 0px;
            z-index: 99999998;
          }
          .loader-pos {
            position: absolute;
            top: 40%;
            left: 50%;
            transform: translateY(-50%) translateX(-50%);
            -webkit-transform: translateY(-50%) translateX(-50%);
            z-index: 99999999;
          }
        
  </style>,
]
`;
