// Jest Snapshot v1, https://goo.gl/fbAQLP

exports[`MessageBox can render MessageBox 1`] = `ShallowWrapper {}`;
